A0	4
A1	1
A2	1
A3	3
A4	2
A5	3
A6	4
A7	4
A8	2
A9	2
A10	4
A11	3
A12	3
A13	1
A14	3
A15	3
A16	2
A17	4
A18	4
A19	2
A20	2
A21	2
A22	1
A23	2
A24	1
A25	4
A26	4
A27	3
A28	2
A29	3
A30	3
A31	2
A32	3
A33	1
A34	2
A35	3
A36	2
A37	1
A38	4
A39	2
A40	3
A41	4
A42	1
A43	2
A44	1
A45	2
A46	1
A47	4
A48	3
A49	4
A50	4
A51	3
A52	1
A53	2
A54	3
A55	4
A56	3
A57	3
A58	1
A59	4
A60	4
A61	3
A62	1
A63	4
A64	3
A65	2
A66	2
A67	3
A68	1
A69	1
A70	4
A71	1
A72	3
A73	2
A74	1
A75	2
A76	3
A77	4
A78	4
A79	4
