G0,A1
G1,A3A2
G2,A3
G3,A1A3
G4,A3A2
G5,A3A2
G6,A1A3
G7,A1A3
G8,A3A2
G9,A1
G10,A1A3
G11,A3A2
G12,A1A2
G13,A1A3A2
G14,A1
G15,A1A2
G16,A1
G17,A1A3
G18,A3
G19,A3A2
G20,A1A3
G21,A1A3
G22,A1
G23,A3A2
G24,A3
G25,A3
G26,A1A3
G27,A3
G28,A1A2
G29,A1A3
G30,A1
G31,A3
G32,A3
G33,A2
G34,A2
G35,A1A2
G36,A3
G37,A1A3A2
G38,A1A3
G39,A1A3
G40,A1
G41,A2
G42,A1A2
G43,A1A3
G44,A3
G45,A3A2
G46,A3A2
G47,A1
G48,A1A3
G49,A3A2
G50,A1A2
G51,A3A2
G52,A1A3
G53,A3
G54,A1A3
G55,A1A3
G56,A1
G57,A1
G58,A2
G59,A3A2
G60,A3
G61,A1
G62,A1A2
G63,A1A3
G64,A3A2
G65,A3A2
G66,A1A3A2
G67,A3A2
G68,A2
G69,A1A2
G70,A1
G71,A3
G72,A2
G73,A1A2
G74,A3A2
G75,A3
G76,A1A2
G77,A1A3
G78,A1A3
G79,A1A3
G80,A1A2
G81,A1A3
G82,A3A2
G83,A1A3A2
G84,A1
G85,A1A3
G86,A1A3
G87,A2
G88,A2
G89,A3A2
G90,A1A3
G91,A3A2
G92,A3
G93,A1A2
G94,A1A2
G95,A3
G96,A1A3
G97,A1A3
G98,A1A2
G99,A2
G100,A3
G101,A1A3
G102,A1A3A2
G103,A1
G104,A3A2
G105,A3
G106,A3A2
G107,A2
G108,A1A2
G109,A3A2
G110,A1A3A2
G111,A1A2
G112,A2
G113,A3
G114,A1A2
G115,A3A2
G116,A1A2
G117,A2
G118,A1A2
G119,A3A2
G120,A3
G121,A3A2
G122,A1A2
G123,A3
G124,A1A3
G125,A1A2
G126,A1A3
G127,A1A3
G128,A1A2
G129,A2
G130,A3
G131,A3A2
G132,A3
G133,A1A3
G134,A1A3A2
G135,A1
G136,A2
G137,A2
G138,A1A3
G139,A3
G140,A3
G141,A2
G142,A3
G143,A1A3A2
G144,A1A3A2
G145,A2
G146,A1
G147,A1A2
G148,A3
G149,A1A3
G150,A1A3A2
G151,A1
G152,A1A3
G153,A3
G154,A3
G155,A3
G156,A1A2
G157,A3
G158,A2
G159,A1A3
G160,A1A3A2
G161,A1A3
G162,A3
G163,A1
G164,A1
G165,A3
G166,A1A2
G167,A1A3
G168,A2
G169,A3A2
G170,A2
G171,A1A2
G172,A2
G173,A1A3
G174,A1A3
G175,A1A2
G176,A1A3A2
G177,A3A2
G178,A1
G179,A2
G180,A1
G181,A1
G182,A1A3
G183,A1A2
G184,A3A2
G185,A3
G186,A1A3A2
G187,A1
G188,A3
G189,A1
G190,A1A3
G191,A1A3A2
G192,A1A3
G193,A3
G194,A2
G195,A1A3
G196,A1A3
G197,A2
G198,A3A2
G199,A3
G200,A1A3A2
G201,A1
G202,A2
G203,A3
G204,A1A3A2
G205,A1A3
G206,A1A3A2
G207,A1A2
G208,A3
G209,A1
G210,A2
G211,A3
G212,A1A3
G213,A1A2
G214,A3A2
G215,A1A3
G216,A3A2
G217,A1A3
G218,A2
G219,A1A3
G220,A1
G221,A2
G222,A1A2
G223,A1A2
G224,A2
G225,A1
G226,A1A3
G227,A1A2
G228,A2
G229,A3A2
G230,A3
G231,A1A3
G232,A1A3
G233,A1
G234,A1A3
G235,A1
G236,A2
G237,A1A3A2
G238,A1
G239,A1A3
G240,A1A3
G241,A1A3
G242,A3A2
G243,A3
G244,A3A2
G245,A1A2
G246,A1
G247,A1A3
G248,A1A3A2
G249,A1
G250,A1
G251,A2
G252,A1A2
G253,A3
G254,A1A3A2
G255,A1
G256,A1A3
G257,A2
G258,A1A2
G259,A1A3
G260,A1
G261,A2
G262,A3A2
G263,A1A2
G264,A1A3A2
G265,A1
G266,A3A2
G267,A1A3A2
G268,A1
G269,A1
G270,A1A3A2
G271,A1A3
G272,A2
G273,A3
G274,A1
G275,A1A3
G276,A2
G277,A1
G278,A1
G279,A1A3
G280,A3A2
G281,A1
G282,A1A2
G283,A1A3
G284,A1
G285,A1A3A2
G286,A1A2
G287,A2
G288,A1A3
G289,A1A3A2
G290,A3
G291,A1
G292,A1A2
G293,A2
G294,A2
G295,A1A3A2
G296,A1
G297,A2
G298,A1A2
G299,A3
G300,A2
G301,A1
G302,A1A2
G303,A1A2
G304,A2
G305,A1
G306,A3
G307,A1A3
G308,A2
G309,A1A3A2
G310,A2
G311,A3
G312,A3
G313,A1A3A2
G314,A1A2
G315,A2
G316,A1
G317,A2
G318,A2
G319,A2
G320,A3A2
G321,A3A2
G322,A1
G323,A1
G324,A2
G325,A1A3A2
G326,A3A2
G327,A1
G328,A1A3A2
G329,A1
G330,A2
G331,A1A3
G332,A2
G333,A1A2
G334,A3A2
G335,A1
G336,A1
G337,A1A3
G338,A1A2
G339,A2
G340,A1A2
G341,A1A2
G342,A1A2
G343,A3A2
G344,A2
G345,A1
G346,A1A3A2
G347,A1A3A2
G348,A1A3
G349,A1
G350,A1
G351,A1A3
G352,A3A2
G353,A1
G354,A1
G355,A2
G356,A1A3A2
G357,A3
G358,A3
G359,A1
G360,A1A2
G361,A3A2
G362,A1A2
G363,A3A2
G364,A3A2
G365,A2
G366,A3A2
G367,A2
G368,A3A2
G369,A1A3
G370,A1
G371,A1
G372,A1A3
G373,A1A2
G374,A3
G375,A3A2
G376,A3A2
G377,A1A2
G378,A1A2
G379,A2
G380,A2
G381,A3
G382,A1A3
G383,A3
G384,A3A2
G385,A3A2
G386,A3
G387,A3
G388,A1A3
G389,A1A2
G390,A1A3
G391,A2
G392,A1A3
G393,A2
G394,A1A3
G395,A2
G396,A3
G397,A1A2
G398,A2
G399,A2
G400,A1A3
G401,A1
G402,A3A2
G403,A2
G404,A1A2
G405,A1A3
G406,A1
G407,A3A2
G408,A1
G409,A1A3A2
G410,A1A3
G411,A3A2
G412,A2
G413,A3
G414,A1A3
G415,A1A2
G416,A1A3
G417,A2
G418,A1A3
G419,A1A2
G420,A2
G421,A1A3
G422,A3
G423,A1
G424,A2
G425,A3A2
G426,A3A2
G427,A3
G428,A3
G429,A1
G430,A2
G431,A1
G432,A1
G433,A3
G434,A1A3
G435,A3
G436,A3A2
G437,A3
G438,A3A2
G439,A1A2
G440,A1A2
G441,A1A3
G442,A3A2
G443,A3
G444,A3
G445,A1A3
G446,A1A3
G447,A1
G448,A3A2
G449,A3
G450,A1A2
G451,A1A2
G452,A1A3
G453,A1A3
G454,A1A2
G455,A3
G456,A2
G457,A3A2
G458,A1A3
G459,A1A2
G460,A3
G461,A1A3A2
G462,A3
G463,A3
G464,A2
G465,A1A2
G466,A3
G467,A1A2
G468,A2
G469,A1A2
G470,A3
G471,A1A3
G472,A2
G473,A3A2
G474,A1
G475,A3
G476,A1A2
G477,A1A3
G478,A3A2
G479,A3
G480,A1A3
G481,A2
G482,A3
G483,A1A3A2
G484,A1A3A2
G485,A3A2
G486,A2
G487,A3A2
G488,A3A2
G489,A3A2
G490,A3
G491,A1A3A2
G492,A2
G493,A1A3A2
G494,A1A2
G495,A2
G496,A3
G497,A1A3
G498,A1
G499,A1A2
G500,A3
G501,A1
G502,A2
G503,A3
G504,A1
G505,A3
G506,A2
G507,A1A3
G508,A2
G509,A3
G510,A1
G511,A1A3
G512,A3
G513,A1
G514,A1A3
G515,A2
G516,A1A3A2
G517,A1A3
G518,A3A2
G519,A3A2
G520,A3A2
G521,A2
G522,A1A2
G523,A3A2
G524,A2
G525,A1
G526,A2
G527,A3
G528,A1A3
G529,A1A2
G530,A1
G531,A1
G532,A1A3A2
G533,A1A3
G534,A1A2
G535,A1A2
G536,A1
G537,A2
G538,A3
G539,A2
G540,A2
G541,A1A3
G542,A1A3A2
G543,A1A3A2
G544,A1A3
G545,A1A3A2
G546,A1A2
G547,A3
G548,A1
G549,A2
G550,A3A2
G551,A2
G552,A3A2
G553,A1
G554,A3
G555,A1
G556,A3
G557,A3
G558,A2
G559,A3
G560,A2
G561,A3A2
G562,A2
G563,A1A3A2
G564,A1A2
G565,A2
G566,A3A2
G567,A1A3
G568,A1A2
G569,A1A2
G570,A1A3A2
G571,A1A3
G572,A3A2
G573,A1
G574,A3
G575,A1A3
G576,A1
G577,A2
G578,A2
G579,A1
G580,A1
G581,A3A2
G582,A1
G583,A1A3
G584,A1A3
G585,A1A2
G586,A1A3
G587,A2
G588,A1A3
G589,A1A2
G590,A3A2
G591,A3
G592,A1A3A2
G593,A1A3A2
G594,A1A3A2
G595,A1
G596,A1
G597,A3
G598,A3
G599,A1A2
G600,A1
G601,A3A2
G602,A3
G603,A2
G604,A1A2
G605,A2
G606,A3
G607,A3
G608,A1A3A2
G609,A3
G610,A3A2
G611,A3A2
G612,A1
G613,A1A3A2
G614,A2
G615,A3
G616,A2
G617,A3
G618,A1
G619,A2
G620,A1A2
G621,A1A2
G622,A1A3A2
G623,A1A3A2
G624,A3A2
G625,A2
G626,A1A3A2
G627,A2
G628,A2
G629,A2
G630,A1A3
G631,A3
G632,A1
G633,A1
G634,A1A3A2
G635,A1A3A2
G636,A1
G637,A1A3
G638,A3
G639,A3A2
G640,A1A3A2
G641,A1A3
G642,A1A3
G643,A1A3A2
G644,A2
G645,A2
G646,A1A2
G647,A1A3
G648,A3
G649,A1A2
G650,A3
G651,A1A2
G652,A3A2
G653,A1
G654,A1A2
G655,A1A2
G656,A1A3
G657,A2
G658,A1
G659,A1
G660,A1A2
G661,A1
G662,A3
G663,A1A3
G664,A3
G665,A3
G666,A3A2
G667,A3
G668,A1
G669,A2
G670,A1A3A2
G671,A1A2
G672,A3
G673,A2
G674,A1A3
G675,A3A2
G676,A1
G677,A1A3
G678,A1A3A2
G679,A3
G680,A1
G681,A3
G682,A2
G683,A3A2
G684,A3A2
G685,A3
G686,A3
G687,A2
G688,A1
G689,A3
G690,A1A2
G691,A1A2
G692,A3A2
G693,A1A3A2
G694,A3
G695,A1A2
G696,A1A2
G697,A1
G698,A1
G699,A2
G700,A3A2
G701,A1A2
G702,A1A3
G703,A3
G704,A1A3
G705,A1A3A2
G706,A3A2
G707,A1
G708,A3
G709,A2
G710,A1A3A2
G711,A1
G712,A2
G713,A3A2
G714,A1A3
G715,A3A2
G716,A3A2
G717,A1A3
G718,A1A2
G719,A1
G720,A3A2
G721,A2
G722,A3
G723,A1A3
G724,A3A2
G725,A3
G726,A3A2
G727,A1A2
G728,A3A2
G729,A3A2
G730,A3A2
G731,A1A3A2
G732,A1A3
G733,A1A2
G734,A1A2
G735,A2
G736,A1A2
G737,A1A2
G738,A1A3
G739,A3A2
G740,A3
G741,A1
G742,A1
G743,A1
G744,A1A3
G745,A1
G746,A1
G747,A2
G748,A1A2
G749,A3
G750,A3
G751,A3A2
G752,A3
G753,A3A2
G754,A1
G755,A1A2
G756,A3
G757,A1
G758,A3
G759,A1
G760,A3
G761,A3A2
G762,A1A2
G763,A1A2
G764,A3
G765,A3
G766,A1A2
G767,A3
G768,A1A3
G769,A1
G770,A1A2
G771,A1A3
G772,A2
G773,A3A2
G774,A2
G775,A1
G776,A1A3
G777,A3
G778,A3
G779,A1A2
G780,A1A3
G781,A1A3
G782,A1A2
G783,A1A3A2
G784,A1
G785,A1A2
G786,A1A3
G787,A1A2
G788,A3
G789,A1A3
G790,A3A2
G791,A3A2
G792,A1A3
G793,A1A2
G794,A3
G795,A1A3A2
G796,A1
G797,A3
G798,A1A3
G799,A3A2
G800,A2
G801,A3A2
G802,A1A3
G803,A1
G804,A1A2
G805,A3
G806,A2
G807,A1
G808,A2
G809,A1A3
G810,A1
G811,A1A3
G812,A2
G813,A3A2
G814,A1
G815,A2
G816,A1A3
G817,A3
G818,A1A2
G819,A1
G820,A3A2
G821,A1A2
G822,A3A2
G823,A3A2
G824,A1A3
G825,A1A3A2
G826,A3A2
G827,A3
G828,A1A3A2
G829,A3A2
G830,A2
G831,A1A2
G832,A3
G833,A3
G834,A1
G835,A3
G836,A1
G837,A1A2
G838,A1
G839,A1
G840,A3A2
G841,A1
G842,A1A2
G843,A1A3
G844,A1A3
G845,A3A2
G846,A1
G847,A1
G848,A3A2
G849,A3
G850,A1
G851,A2
G852,A1
G853,A3
G854,A2
G855,A1A3
G856,A2
G857,A1
G858,A1A3
G859,A1A2
G860,A1A2
G861,A2
G862,A2
G863,A3
G864,A2
G865,A1A2
G866,A1
G867,A3
G868,A2
G869,A1A3
G870,A2
G871,A1A2
G872,A3A2
G873,A2
G874,A1A3
G875,A3A2
G876,A1A2
G877,A1
G878,A1
G879,A1A3
G880,A3
G881,A1A3
G882,A1
G883,A3
G884,A2
G885,A1A2
G886,A2
G887,A3A2
G888,A1
G889,A1A2
G890,A1A3
G891,A3
G892,A1A2
G893,A1
G894,A3
G895,A1A3
G896,A1A3A2
G897,A1A3A2
G898,A1
G899,A1A3
G900,A1A3
G901,A3A2
G902,A1A3A2
G903,A1A2
G904,A1
G905,A3A2
G906,A3A2
G907,A1A3
G908,A1A2
G909,A1A3
G910,A3A2
G911,A1
G912,A1
G913,A3
G914,A1A3
G915,A1A3
G916,A2
G917,A3
G918,A3A2
G919,A1A3
G920,A1A2
G921,A1
G922,A1A3A2
G923,A3A2
G924,A3
G925,A3
G926,A1
G927,A1
G928,A1
G929,A1
G930,A2
G931,A3A2
G932,A1A3
G933,A1
G934,A1A3
G935,A1A2
G936,A1A2
G937,A1A3
G938,A3
G939,A1A2
G940,A3
G941,A3A2
G942,A1A3
G943,A1A3A2
G944,A1
G945,A1A2
G946,A1A3A2
G947,A1A3
G948,A1
G949,A3A2
G950,A1A3
G951,A3
G952,A1
G953,A3A2
G954,A1A3
G955,A1A2
G956,A1A3
G957,A3
G958,A1
G959,A1
G960,A1
G961,A3A2
G962,A1A3
G963,A2
G964,A1A3
G965,A1A2
G966,A2
G967,A2
G968,A3A2
G969,A1
G970,A3A2
G971,A3A2
G972,A2
G973,A1A2
G974,A3
G975,A3A2
G976,A3
G977,A1A3
G978,A3
G979,A1
G980,A2
G981,A3A2
G982,A2
G983,A1A2
G984,A3A2
G985,A1A3
G986,A1A3
G987,A3
G988,A3A2
G989,A3
G990,A1A3A2
G991,A1A2
G992,A1A3
G993,A3
G994,A3
G995,A2
G996,A1A2
G997,A1A3
G998,A2
G999,A3
